// Jest Snapshot v1, https://goo.gl/fbAQLP

exports[`Shape matches a snapshot 1`] = `
<div
  style={
    Object {
      "backgroundColor": undefined,
      "color": undefined,
      "height": "100px",
      "width": "100px",
    }
  }
/>
`;
